[serverquery.cloud/ana-sayfa.html]
[serverquery.cloud/index.html]
[serverquery.cloud/serverquery.html]
[serverquery.cloud/about.html]
[serverquery.cloud/nedenbakim.html]
[backblue.gif]
[fade.gif]
[index.html]
[serverquery.cloud/images/backgrounds/1.jpg]
[serverquery.cloud/images/x_loader.gif]
[serverquery.cloud/images/ui_icons/tooltip_circle.png]
[serverquery.cloud/images/ui_icons/tooltip_top_left.png]
[serverquery.cloud/images/ui_icons/tooltip_bottom_left.8.delayed]
[serverquery.cloud/images/ui_icons/tooltip_top_right.png]
[serverquery.cloud/images/ui_icons/tooltip_bottom_right.png]
[serverquery.cloud/css/fonts3621.css]
[serverquery.cloud/images/ui_icons/menu_ico.png]
[serverquery.cloud/css/static_style.css]
[code.jquery.com/jquery-2.x-git.min.js]
[serverquery.cloud/js/xprs_helper3621.js]
[serverquery.cloud/js/ysb.js]
[serverquery.cloud/js/all_js.js]
[serverquery.cloud/js/lib/touchswipe/jquery.mobile.custom.min.js]
[www.google-analytics.com/analytics.js]
[serverquery.cloud/css/effects3621.css]
[serverquery.cloud/css/lightbox3621.css]
[serverquery.cloud/js/lightbox3621.js]
[serverquery.cloud/index.html]
[serverquery.cloud/css/ana-sayfa/static_style.css]
[serverquery.cloud/ana-sayfa.html]
[serverquery.cloud/serverquery.html]
[serverquery.cloud/css/serverquery/static_style.css]
[serverquery.cloud/about.html]
[serverquery.cloud/css/about/static_style.css]
[serverquery.cloud/js/spimeengine3621.js]
[serverquery.cloud/css/nedenbakim/static_style.css]
[serverquery.cloud/nedenbakim.html]
[serverquery.cloud/images/backgrounds/1.html]
[serverquery.cloud/images/x_loader.html]
[serverquery.cloud/images/ui_icons/tooltip_circle.html]
[serverquery.cloud/images/ui_icons/tooltip_top_left.html]
[serverquery.cloud/images/ui_icons/tooltip_bottom_left.html]
[serverquery.cloud/images/ui_icons/tooltip_top_right.html]
[serverquery.cloud/images/ui_icons/tooltip_bottom_right.html]
[serverquery.cloud/css/fonts3621.css]
[serverquery.cloud/images/ui_icons/menu_ico.html]
[serverquery.cloud/css/static_style.css]
[serverquery.cloud/;path=/index.html]
[serverquery.cloud/css/effects3621.css]
[serverquery.cloud/css/lightbox3621.css]
[serverquery.cloud/css/ana-sayfa/static_style.css]
[serverquery.cloud/css/serverquery/static_style.css]
[serverquery.cloud/css/about/static_style.css]
[serverquery.cloud/;path=/index.html]
[serverquery.cloud/css/nedenbakim/static_style.css]
